2026-09-07T11:20:01.009+0100 [DEBUG] [org.gradle.launcher.daemon.bootstrap.DaemonMain] Assuming the daemon was started with following jvm opts: [-Xmx1G, -Dfile.encoding=UTF-8, -Duser.country=GB, -Duser.language=en, -Duser.variant]
2026-09-07T11:20:01.125+0100 [DEBUG] [org.gradle.internal.remote.internal.inet.InetAddresses] Adding IP addresses for network interface Intel(R) Ethernet Controller (3) I225-V-WFP Native MAC Layer LightWeight Filter-0000
2026-09-07T11:20:01.126+0100 [DEBUG] [org.gradle.internal.remote.internal.inet.InetAddresses] Is this a loopback interface? false
2026-09-07T11:20:01.127+0100 [DEBUG] [org.gradle.internal.remote.internal.inet.InetAddresses] Adding IP addresses for network interface Intel(R) Ethernet Controller (3) I225-V-QoS Packet Scheduler-0000
2026-09-07T11:20:01.128+0100 [DEBUG] [org.gradle.internal.remote.internal.inet.InetAddresses] Is this a loopback interface? false
2026-09-07T11:20:01.128+0100 [DEBUG] [org.gradle.internal.remote.internal.inet.InetAddresses] Adding IP addresses for network interface Intel(R) Ethernet Controller (3) I225-V-WFP 802.3 MAC Layer LightWeight Filter-0000
2026-09-07T11:20:01.129+0100 [DEBUG] [org.gradle.internal.remote.internal.inet.InetAddresses] Is this a loopback interface? false
2026-09-07T11:20:01.129+0100 [DEBUG] [org.gradle.internal.remote.internal.inet.InetAddresses] Adding IP addresses for network interface WAN Miniport (IP)-WFP Native MAC Layer LightWeight Filter-0000
2026-09-07T11:20:01.129+0100 [DEBUG] [org.gradle.internal.remote.internal.inet.InetAddresses] Is this a loopback interface? false
2026-09-07T11:20:01.130+0100 [DEBUG] [org.gradle.internal.remote.internal.inet.InetAddresses] Adding IP addresses for network interface WAN Miniport (IP)-QoS Packet Scheduler-0000
2026-09-07T11:20:01.130+0100 [DEBUG] [org.gradle.internal.remote.internal.inet.InetAddresses] Is this a loopback interface? false
2026-09-07T11:20:01.130+0100 [DEBUG] [org.gradle.internal.remote.internal.inet.InetAddresses] Adding IP addresses for network interface WAN Miniport (IPv6)-WFP Native MAC Layer LightWeight Filter-0000
2026-09-07T11:20:01.130+0100 [DEBUG] [org.gradle.internal.remote.internal.inet.InetAddresses] Is this a loopback interface? false
2026-09-07T11:20:01.131+0100 [DEBUG] [org.gradle.internal.remote.internal.inet.InetAddresses] Adding IP addresses for network interface WAN Miniport (IPv6)-QoS Packet Scheduler-0000
2026-09-07T11:20:01.131+0100 [DEBUG] [org.gradle.internal.remote.internal.inet.InetAddresses] Is this a loopback interface? false
2026-09-07T11:20:01.131+0100 [DEBUG] [org.gradle.internal.remote.internal.inet.InetAddresses] Adding IP addresses for network interface WAN Miniport (Network Monitor)-WFP Native MAC Layer LightWeight Filter-0000
2026-09-07T11:20:01.132+0100 [DEBUG] [org.gradle.internal.remote.internal.inet.InetAddresses] Is this a loopback interface? false
2026-09-07T11:20:01.132+0100 [DEBUG] [org.gradle.internal.remote.internal.inet.InetAddresses] Adding IP addresses for network interface WAN Miniport (Network Monitor)-QoS Packet Scheduler-0000
2026-09-07T11:20:01.132+0100 [DEBUG] [org.gradle.internal.remote.internal.inet.InetAddresses] Is this a loopback interface? false
2026-09-07T11:20:01.133+0100 [DEBUG] [org.gradle.internal.remote.internal.inet.InetAddresses] Adding IP addresses for network interface Microsoft Kernel Debug Network Adapter
2026-09-07T11:20:01.133+0100 [DEBUG] [org.gradle.internal.remote.internal.inet.InetAddresses] Is this a loopback interface? false
2026-09-07T11:20:01.133+0100 [DEBUG] [org.gradle.internal.remote.internal.inet.InetAddresses] Adding IP addresses for network interface Intel(R) Ethernet Controller (3) I225-V
2026-09-07T11:20:01.133+0100 [DEBUG] [org.gradle.internal.remote.internal.inet.InetAddresses] Is this a loopback interface? false
2026-09-07T11:20:01.134+0100 [DEBUG] [org.gradle.internal.remote.internal.inet.InetAddresses] Adding remote address /fe80:0:0:0:a9bf:14f2:e384:fe26%ethernet_32769
2026-09-07T11:20:01.134+0100 [DEBUG] [org.gradle.internal.remote.internal.inet.InetAddresses] Adding remote address /192.168.0.70
2026-09-07T11:20:01.134+0100 [DEBUG] [org.gradle.internal.remote.internal.inet.InetAddresses] Adding IP addresses for network interface Bluetooth Device (Personal Area Network)
2026-09-07T11:20:01.135+0100 [DEBUG] [org.gradle.internal.remote.internal.inet.InetAddresses] Is this a loopback interface? false
2026-09-07T11:20:01.135+0100 [DEBUG] [org.gradle.internal.remote.internal.inet.InetAddresses] Adding remote address /fe80:0:0:0:77f7:2fcd:f8f4:362c%ethernet_32770
2026-09-07T11:20:01.135+0100 [DEBUG] [org.gradle.internal.remote.internal.inet.InetAddresses] Adding IP addresses for network interface WAN Miniport (IP)
2026-09-07T11:20:01.135+0100 [DEBUG] [org.gradle.internal.remote.internal.inet.InetAddresses] Is this a loopback interface? false
2026-09-07T11:20:01.136+0100 [DEBUG] [org.gradle.internal.remote.internal.inet.InetAddresses] Adding IP addresses for network interface WAN Miniport (IPv6)
2026-09-07T11:20:01.136+0100 [DEBUG] [org.gradle.internal.remote.internal.inet.InetAddresses] Is this a loopback interface? false
2026-09-07T11:20:01.137+0100 [DEBUG] [org.gradle.internal.remote.internal.inet.InetAddresses] Adding IP addresses for network interface WAN Miniport (Network Monitor)
2026-09-07T11:20:01.137+0100 [DEBUG] [org.gradle.internal.remote.internal.inet.InetAddresses] Is this a loopback interface? false
2026-09-07T11:20:01.137+0100 [DEBUG] [org.gradle.internal.remote.internal.inet.InetAddresses] Adding IP addresses for network interface WAN Miniport (PPPOE)
2026-09-07T11:20:01.138+0100 [DEBUG] [org.gradle.internal.remote.internal.inet.InetAddresses] Is this a loopback interface? false
2026-09-07T11:20:01.138+0100 [DEBUG] [org.gradle.internal.remote.internal.inet.InetAddresses] Adding IP addresses for network interface Software Loopback Interface 1
2026-09-07T11:20:01.138+0100 [DEBUG] [org.gradle.internal.remote.internal.inet.InetAddresses] Is this a loopback interface? true
2026-09-07T11:20:01.138+0100 [DEBUG] [org.gradle.internal.remote.internal.inet.InetAddresses] Adding loopback address /0:0:0:0:0:0:0:1
2026-09-07T11:20:01.138+0100 [DEBUG] [org.gradle.internal.remote.internal.inet.InetAddresses] Adding loopback address /127.0.0.1
2026-09-07T11:20:01.139+0100 [DEBUG] [org.gradle.internal.remote.internal.inet.InetAddresses] Adding IP addresses for network interface Microsoft Teredo Tunneling Adapter
2026-09-07T11:20:01.139+0100 [DEBUG] [org.gradle.internal.remote.internal.inet.InetAddresses] Is this a loopback interface? false
2026-09-07T11:20:01.139+0100 [DEBUG] [org.gradle.internal.remote.internal.inet.InetAddresses] Adding IP addresses for network interface Microsoft IP-HTTPS Platform Adapter
2026-09-07T11:20:01.139+0100 [DEBUG] [org.gradle.internal.remote.internal.inet.InetAddresses] Is this a loopback interface? false
2026-09-07T11:20:01.139+0100 [DEBUG] [org.gradle.internal.remote.internal.inet.InetAddresses] Adding IP addresses for network interface Microsoft 6to4 Adapter
2026-09-07T11:20:01.139+0100 [DEBUG] [org.gradle.internal.remote.internal.inet.InetAddresses] Is this a loopback interface? false
2026-09-07T11:20:01.140+0100 [DEBUG] [org.gradle.internal.remote.internal.inet.InetAddresses] Adding IP addresses for network interface WAN Miniport (SSTP)
2026-09-07T11:20:01.140+0100 [DEBUG] [org.gradle.internal.remote.internal.inet.InetAddresses] Is this a loopback interface? false
2026-09-07T11:20:01.140+0100 [DEBUG] [org.gradle.internal.remote.internal.inet.InetAddresses] Adding IP addresses for network interface WAN Miniport (IKEv2)
2026-09-07T11:20:01.140+0100 [DEBUG] [org.gradle.internal.remote.internal.inet.InetAddresses] Is this a loopback interface? false
2026-09-07T11:20:01.141+0100 [DEBUG] [org.gradle.internal.remote.internal.inet.InetAddresses] Adding IP addresses for network interface WAN Miniport (L2TP)
2026-09-07T11:20:01.141+0100 [DEBUG] [org.gradle.internal.remote.internal.inet.InetAddresses] Is this a loopback interface? false
2026-09-07T11:20:01.141+0100 [DEBUG] [org.gradle.internal.remote.internal.inet.InetAddresses] Adding IP addresses for network interface WAN Miniport (PPTP)
2026-09-07T11:20:01.141+0100 [DEBUG] [org.gradle.internal.remote.internal.inet.InetAddresses] Is this a loopback interface? false
2026-09-07T11:20:01.179+0100 [INFO] [org.gradle.launcher.daemon.server.Daemon] start() called on daemon - DefaultDaemonContext[uid=d2d6ce76-01d2-40a1-9c93-187ebffa2733,javaHome=C:\Program Files\Eclipse Adoptium\jdk-21.0.12.101-hotspot,javaVersion=21,javaVendor=Eclipse Adoptium,daemonRegistryDir=I:\McWork\.gradle-user\daemon,pid=10424,idleTimeout=120000,priority=NORMAL,applyInstrumentationAgent=true,nativeServicesMode=ENABLED,daemonOpts=-Xmx1G,-Dfile.encoding=UTF-8,-Duser.country=GB,-Duser.language=en,-Duser.variant]
2026-09-07T11:20:09.212+0100 [DEBUG] [org.gradle.internal.remote.internal.inet.TcpIncomingConnector] Listening on [fd6162f0-4a7d-429f-88a7-f6304b5c9324 port:57660, addresses:[localhost/127.0.0.1]].
2026-09-07T11:20:09.223+0100 [DEBUG] [org.gradle.launcher.daemon.server.Daemon] Daemon starting at: Mon Sep 07 11:20:09 BST 2026, with address: [fd6162f0-4a7d-429f-88a7-f6304b5c9324 port:57660, addresses:[localhost/127.0.0.1]]
2026-09-07T11:20:09.223+0100 [INFO] [org.gradle.launcher.daemon.server.DaemonRegistryUpdater] Advertising the daemon address to the clients: [fd6162f0-4a7d-429f-88a7-f6304b5c9324 port:57660, addresses:[localhost/127.0.0.1]]
2026-09-07T11:20:09.224+0100 [DEBUG] [org.gradle.launcher.daemon.server.DaemonRegistryUpdater] Advertised daemon context: DefaultDaemonContext[uid=d2d6ce76-01d2-40a1-9c93-187ebffa2733,javaHome=C:\Program Files\Eclipse Adoptium\jdk-21.0.12.101-hotspot,javaVersion=21,javaVendor=Eclipse Adoptium,daemonRegistryDir=I:\McWork\.gradle-user\daemon,pid=10424,idleTimeout=120000,priority=NORMAL,applyInstrumentationAgent=true,nativeServicesMode=ENABLED,daemonOpts=-Xmx1G,-Dfile.encoding=UTF-8,-Duser.country=GB,-Duser.language=en,-Duser.variant]
2026-09-07T11:20:09.224+0100 [DEBUG] [org.gradle.launcher.daemon.registry.PersistentDaemonRegistry] Storing daemon address: [fd6162f0-4a7d-429f-88a7-f6304b5c9324 port:57660, addresses:[localhost/127.0.0.1]], context: DefaultDaemonContext[uid=d2d6ce76-01d2-40a1-9c93-187ebffa2733,javaHome=C:\Program Files\Eclipse Adoptium\jdk-21.0.12.101-hotspot,javaVersion=21,javaVendor=Eclipse Adoptium,daemonRegistryDir=I:\McWork\.gradle-user\daemon,pid=10424,idleTimeout=120000,priority=NORMAL,applyInstrumentationAgent=true,nativeServicesMode=ENABLED,daemonOpts=-Xmx1G,-Dfile.encoding=UTF-8,-Duser.country=GB,-Duser.language=en,-Duser.variant]
2026-09-07T11:20:09.234+0100 [DEBUG] [org.gradle.cache.internal.DefaultFileLockManager] Waiting to acquire exclusive lock on daemon addresses registry.
2026-09-07T11:20:09.238+0100 [DEBUG] [org.gradle.cache.internal.DefaultFileLockManager] Lock acquired on daemon addresses registry.
2026-09-07T11:20:09.242+0100 [DEBUG] [org.gradle.cache.internal.DefaultFileLockManager] Releasing lock on daemon addresses registry.
2026-09-07T11:20:09.243+0100 [LIFECYCLE] [org.gradle.launcher.daemon.server.Daemon] Daemon server started.
2026-09-07T11:20:09.244+0100 [DEBUG] [org.gradle.launcher.daemon.bootstrap.DaemonStartupCommunication] Completed writing the daemon greeting. Closing streams...
2026-09-07T11:20:09.253+0100 [DEBUG] [org.gradle.launcher.daemon.server.Daemon] stopOnExpiration() called on daemon
2026-09-07T11:20:09.255+0100 [DEBUG] [org.gradle.launcher.daemon.server.Daemon] awaitExpiration() called on daemon
2026-09-07T11:20:09.255+0100 [DEBUG] [org.gradle.launcher.daemon.server.DaemonStateCoordinator] daemon is running. Sleeping until state changes.
2026-09-07T11:20:09.263+0100 [DEBUG] [org.gradle.internal.remote.internal.inet.TcpIncomingConnector] Accepted connection from /127.0.0.1:57661 to /127.0.0.1:57660.
2026-09-07T11:20:09.316+0100 [DEBUG] [org.gradle.launcher.daemon.server.SynchronizedDispatchConnection] thread 81: received class org.gradle.launcher.daemon.protocol.Build
2026-09-07T11:20:09.317+0100 [DEBUG] [org.gradle.launcher.daemon.server.DefaultDaemonConnection] thread 81: Received non-IO message from client: Build{id=659e6efa-0da7-4927-a0aa-953211962805, currentDir=I:\McWork\mod-dev\blahaj-fix}
2026-09-07T11:20:09.317+0100 [INFO] [org.gradle.launcher.daemon.server.DefaultIncomingConnectionHandler] Received command: Build{id=659e6efa-0da7-4927-a0aa-953211962805, currentDir=I:\McWork\mod-dev\blahaj-fix}.
2026-09-07T11:20:09.317+0100 [DEBUG] [org.gradle.launcher.daemon.server.DefaultIncomingConnectionHandler] Starting executing command: Build{id=659e6efa-0da7-4927-a0aa-953211962805, currentDir=I:\McWork\mod-dev\blahaj-fix} with connection: socket connection from /127.0.0.1:57660 to /127.0.0.1:57661.
2026-09-07T11:20:09.319+0100 [DEBUG] [org.gradle.launcher.daemon.server.DaemonStateCoordinator] Command execution: started DaemonCommandExecution[command = Build{id=659e6efa-0da7-4927-a0aa-953211962805, currentDir=I:\McWork\mod-dev\blahaj-fix}, connection = DefaultDaemonConnection: socket connection from /127.0.0.1:57660 to /127.0.0.1:57661] after 0.00185 minutes of idle
2026-09-07T11:20:09.319+0100 [INFO] [org.gradle.launcher.daemon.server.DaemonRegistryUpdater] Marking the daemon as busy, address: [fd6162f0-4a7d-429f-88a7-f6304b5c9324 port:57660, addresses:[localhost/127.0.0.1]]
2026-09-07T11:20:09.319+0100 [DEBUG] [org.gradle.launcher.daemon.registry.PersistentDaemonRegistry] Marking busy by address: [fd6162f0-4a7d-429f-88a7-f6304b5c9324 port:57660, addresses:[localhost/127.0.0.1]]
2026-09-07T11:20:09.320+0100 [DEBUG] [org.gradle.cache.internal.DefaultFileLockManager] Waiting to acquire exclusive lock on daemon addresses registry.
2026-09-07T11:20:09.320+0100 [DEBUG] [org.gradle.cache.internal.DefaultFileLockManager] Lock acquired on daemon addresses registry.
2026-09-07T11:20:09.321+0100 [DEBUG] [org.gradle.cache.internal.DefaultFileLockManager] Releasing lock on daemon addresses registry.
2026-09-07T11:20:09.321+0100 [DEBUG] [org.gradle.launcher.daemon.server.DaemonStateCoordinator] resetting idle timer
2026-09-07T11:20:09.321+0100 [DEBUG] [org.gradle.launcher.daemon.server.DaemonStateCoordinator] daemon is running. Sleeping until state changes.
2026-09-07T11:20:09.322+0100 [INFO] [org.gradle.launcher.daemon.server.exec.StartBuildOrRespondWithBusy] Daemon is about to start building Build{id=659e6efa-0da7-4927-a0aa-953211962805, currentDir=I:\McWork\mod-dev\blahaj-fix}. Dispatching build started information...
2026-09-07T11:20:09.322+0100 [DEBUG] [org.gradle.launcher.daemon.server.SynchronizedDispatchConnection] thread 83: dispatching org.gradle.launcher.daemon.protocol.BuildStarted@abc944c
2026-09-07T11:20:09.324+0100 [DEBUG] [org.gradle.launcher.daemon.server.exec.LogToClient] About to start relaying all logs to the client via the connection.
2026-09-07T11:20:09.324+0100 [INFO] [org.gradle.launcher.daemon.server.exec.LogToClient] The client will now receive all logging from the daemon (pid: 10424). The daemon log file: I:\McWork\.gradle-user\daemon\9.6.1\daemon-10424.out.log
2026-09-07T11:20:09.324+0100 [DEBUG] [org.gradle.launcher.daemon.server.exec.ApplyClientEnvironmentVariables] Configuring env variables: [PATH, USERDOMAIN_ROAMINGPROFILE, PROCESSOR_LEVEL, GIT_PAGER, ALLUSERSPROFILE, CODEX_MCP_NODE_PATH, GIT_CONFIG_COUNT, CODEX_SHELL, PROCESSOR_ARCHITECTURE, =I:, PSModulePath, SystemDrive, GH_PAGER, CODEX_APP_TOOLS_PIPE_PATH, COLORTERM, NODE_REPL_TRUSTED_BROWSER_CLIENT_SHA256S, USERNAME, GIT_CONFIG_VALUE_0, GIT_CONFIG_VALUE_1, ProgramFiles(x86), ACSetupSvcPort, CODEX_INTERNAL_ORIGINATOR_OVERRIDE, CODEX_SAGE_BACKFILL_TRACKER_TAB_REUSE, PATHEXT, SHELL, DriverData, OneDriveConsumer, PAGER, LOG_FORMAT, ProgramData, ProgramW6432, HOMEPATH, LC_ALL, PROCESSOR_IDENTIFIER, POWERSHELL_DISTRIBUTION_CHANNEL, ProgramFiles, PUBLIC, ZSH_TMUX_AUTOSTARTED, LESS, windir, LC_CTYPE, CODEX_SESSION_ID, LOCALAPPDATA, IntelliJ IDEA, USERDOMAIN, LOGONSERVER, JAVA_HOME, PROMPT, RUST_LOG, TERM, LANG, RlsSvcPort, OneDrive, APPDATA, GRADLE_USER_HOME, CODEX_THREAD_ID, NO_COLOR, CODEX_CI, CommonProgramFiles, GIT_CONFIG_KEY_1, Path, GIT_CONFIG_KEY_0, DISABLE_AUTO_UPDATE, OS, COMPUTERNAME, EnableLog, JD2_HOME, PROCESSOR_REVISION, CommonProgramW6432, ComSpec, ZSH_TMUX_AUTOSTART, SystemRoot, TEMP, HOMEDRIVE, USERPROFILE, TMP, CommonProgramFiles(x86), NUMBER_OF_PROCESSORS]
2026-09-07T11:20:09.330+0100 [DEBUG] [org.gradle.launcher.daemon.server.exec.RequestStopIfSingleUsedDaemon] Requesting daemon stop after processing Build{id=659e6efa-0da7-4927-a0aa-953211962805, currentDir=I:\McWork\mod-dev\blahaj-fix}
2026-09-07T11:20:09.330+0100 [LIFECYCLE] [org.gradle.launcher.daemon.server.DaemonStateCoordinator] Daemon will be stopped at the end of the build 
2026-09-07T11:20:09.330+0100 [DEBUG] [org.gradle.launcher.daemon.server.DaemonStateCoordinator] Stop as soon as idle requested. The daemon is busy
2026-09-07T11:20:09.330+0100 [DEBUG] [org.gradle.launcher.daemon.server.DaemonStateCoordinator] daemon stop has been requested. Sleeping until state changes.
2026-09-07T11:20:09.334+0100 [DEBUG] [org.gradle.launcher.daemon.server.exec.ExecuteBuild] The daemon has started executing the build.
2026-09-07T11:20:09.334+0100 [DEBUG] [org.gradle.launcher.daemon.server.exec.ExecuteBuild] Executing build with daemon context: DefaultDaemonContext[uid=d2d6ce76-01d2-40a1-9c93-187ebffa2733,javaHome=C:\Program Files\Eclipse Adoptium\jdk-21.0.12.101-hotspot,javaVersion=21,javaVendor=Eclipse Adoptium,daemonRegistryDir=I:\McWork\.gradle-user\daemon,pid=10424,idleTimeout=120000,priority=NORMAL,applyInstrumentationAgent=true,nativeServicesMode=ENABLED,daemonOpts=-Xmx1G,-Dfile.encoding=UTF-8,-Duser.country=GB,-Duser.language=en,-Duser.variant]
Fabric Loom: 1.16.3
I:\McWork\mod-dev\blahaj-fix\src\main\java\com\moonie\blahajfix\mixin\AnvilScreenHandlerMixin.java:38: error: incompatible types: AnvilScreenHandlerMixin cannot be converted to ForgingScreenHandlerAccessor
                    ((ForgingScreenHandlerAccessor) this).blahajFix$getPlayer().getName().getString()
                                                    ^
1 error

[Incubating] Problems report is available at: file:///I:/McWork/mod-dev/blahaj-fix/build/reports/problems/problems-report.html

FAILURE: Build failed with an exception.

* What went wrong:
Execution failed for task ':compileJava' (registered by plugin class 'org.gradle.api.plugins.JavaBasePlugin').
> Compilation failed; see the compiler output below.
  I:\McWork\mod-dev\blahaj-fix\src\main\java\com\moonie\blahajfix\mixin\AnvilScreenHandlerMixin.java:38: error: incompatible types: AnvilScreenHandlerMixin cannot be converted to ForgingScreenHandlerAccessor
                      ((ForgingScreenHandlerAccessor) this).blahajFix$getPlayer().getName().getString()
                                                      ^
  1 error

* Try:
> Check your code and dependencies to fix the compilation error(s)
> Run with --scan to get full insights from a Build Scan (powered by Develocity).

Deprecated Gradle features were used in this build, making it incompatible with Gradle 10.

You can use '--warning-mode all' to show the individual deprecation warnings and determine if they come from your own scripts or plugins.

For more on this, please refer to https://docs.gradle.org/9.6.1/userguide/command_line_interface.html#sec:command_line_warnings in the Gradle documentation.

BUILD FAILED in 24s
1 actionable task: 1 executed
2026-09-07T11:20:16.550+0100 [DEBUG] [org.gradle.launcher.daemon.server.exec.ExecuteBuild] The daemon has finished executing the build.
2026-09-07T11:20:16.566+0100 [DEBUG] [org.gradle.launcher.daemon.server.DaemonStateCoordinator] daemon stop has been requested. Sleeping until state changes.
2026-09-07T11:20:16.566+0100 [DEBUG] [org.gradle.launcher.daemon.server.DaemonStateCoordinator] Command execution: finished waiting for DaemonCommandExecution[command = Build{id=659e6efa-0da7-4927-a0aa-953211962805, currentDir=I:\McWork\mod-dev\blahaj-fix}, connection = DefaultDaemonConnection: socket connection from /127.0.0.1:57660 to /127.0.0.1:57661]. Result org.gradle.launcher.daemon.server.DaemonStateCoordinator@7a98416f with state StopRequested
2026-09-07T11:20:16.566+0100 [DEBUG] [org.gradle.launcher.daemon.server.DaemonStateCoordinator] Command execution: completed DaemonCommandExecution[command = Build{id=659e6efa-0da7-4927-a0aa-953211962805, currentDir=I:\McWork\mod-dev\blahaj-fix}, connection = DefaultDaemonConnection: socket connection from /127.0.0.1:57660 to /127.0.0.1:57661]
2026-09-07T11:20:16.567+0100 [DEBUG] [org.gradle.launcher.daemon.server.DaemonStateCoordinator] resetting idle timer
2026-09-07T11:20:16.567+0100 [DEBUG] [org.gradle.launcher.daemon.server.DaemonStateCoordinator] Marking daemon stopped due to command completed and stop requested. The daemon is not running a build
2026-09-07T11:20:16.567+0100 [DEBUG] [org.gradle.launcher.daemon.server.DaemonStateCoordinator] daemon has stopped.
2026-09-07T11:20:16.567+0100 [DEBUG] [org.gradle.launcher.daemon.server.exec.ReturnResult] Daemon is dispatching the build result: Success[value=org.gradle.launcher.exec.BuildActionResult@33690273]
2026-09-07T11:20:16.567+0100 [DEBUG] [org.gradle.launcher.daemon.server.SynchronizedDispatchConnection] thread 80: dispatching Success[value=org.gradle.launcher.exec.BuildActionResult@33690273]
2026-09-07T11:20:16.567+0100 [DEBUG] [org.gradle.launcher.daemon.server.Daemon] stop() called on daemon
2026-09-07T11:20:16.567+0100 [INFO] [org.gradle.launcher.daemon.server.Daemon] Stop requested. Daemon is removing its presence from the registry...
2026-09-07T11:20:16.567+0100 [DEBUG] [org.gradle.launcher.daemon.server.DaemonRegistryUpdater] Removing our presence to clients, eg. removing this address from the registry: [fd6162f0-4a7d-429f-88a7-f6304b5c9324 port:57660, addresses:[localhost/127.0.0.1]]
2026-09-07T11:20:16.568+0100 [DEBUG] [org.gradle.launcher.daemon.registry.PersistentDaemonRegistry] Removing daemon address: [fd6162f0-4a7d-429f-88a7-f6304b5c9324 port:57660, addresses:[localhost/127.0.0.1]]
2026-09-07T11:20:16.568+0100 [DEBUG] [org.gradle.cache.internal.DefaultFileLockManager] Waiting to acquire exclusive lock on daemon addresses registry.
2026-09-07T11:20:16.569+0100 [DEBUG] [org.gradle.cache.internal.DefaultFileLockManager] Lock acquired on daemon addresses registry.
2026-09-07T11:20:16.569+0100 [DEBUG] [org.gradle.cache.internal.DefaultFileLockManager] Releasing lock on daemon addresses registry.
2026-09-07T11:20:16.570+0100 [DEBUG] [org.gradle.launcher.daemon.server.DaemonRegistryUpdater] Address removed from registry.
2026-09-07T11:20:16.577+0100 [DEBUG] [org.gradle.launcher.daemon.server.exec.CleanUpVirtualFileSystemAfterBuild] Cleaning virtual file system after build finished
2026-09-07T11:20:16.578+0100 [DEBUG] [org.gradle.launcher.daemon.server.DefaultIncomingConnectionHandler] Finishing executing command: Build{id=659e6efa-0da7-4927-a0aa-953211962805, currentDir=I:\McWork\mod-dev\blahaj-fix}
2026-09-07T11:20:16.610+0100 [DEBUG] [org.gradle.launcher.daemon.server.SynchronizedDispatchConnection] thread 81: received class org.gradle.launcher.daemon.protocol.CloseInput
2026-09-07T11:20:16.610+0100 [DEBUG] [org.gradle.launcher.daemon.server.DefaultDaemonConnection] thread 81: Received IO message from client: org.gradle.launcher.daemon.protocol.CloseInput@6028878b
2026-09-07T11:20:16.610+0100 [DEBUG] [org.gradle.launcher.daemon.server.SynchronizedDispatchConnection] thread 81: received class org.gradle.launcher.daemon.protocol.Finished
2026-09-07T11:20:16.610+0100 [DEBUG] [org.gradle.launcher.daemon.server.DefaultDaemonConnection] thread 81: Received non-IO message from client: org.gradle.launcher.daemon.protocol.Finished@5492476a
2026-09-07T11:20:16.611+0100 [DEBUG] [org.gradle.launcher.daemon.server.DefaultIncomingConnectionHandler] Received finished message: org.gradle.launcher.daemon.protocol.Finished@5492476a
2026-09-07T11:20:16.611+0100 [DEBUG] [org.gradle.launcher.daemon.server.SynchronizedDispatchConnection] thread 80: stopping connection
2026-09-07T11:20:16.611+0100 [DEBUG] [org.gradle.internal.remote.internal.inet.SocketConnection] Discarding EOFException: java.io.EOFException
2026-09-07T11:20:16.611+0100 [DEBUG] [org.gradle.launcher.daemon.server.SynchronizedDispatchConnection] thread 81: received null
2026-09-07T11:20:16.612+0100 [DEBUG] [org.gradle.launcher.daemon.server.DefaultDaemonConnection] thread 81: Received end-of-input from client.
2026-09-07T11:20:16.612+0100 [DEBUG] [org.gradle.launcher.daemon.server.SynchronizedDispatchConnection] thread 80: stopping connection
2026-09-07T11:20:16.614+0100 [DEBUG] [org.gradle.cache.internal.LockOnDemandCrossProcessCacheAccess] Releasing file lock for jars (I:\McWork\.gradle-user\caches\jars-9)
2026-09-07T11:20:16.614+0100 [DEBUG] [org.gradle.cache.internal.DefaultFileLockManager] Releasing lock on jars (I:\McWork\.gradle-user\caches\jars-9).
2026-09-07T11:20:16.614+0100 [DEBUG] [org.gradle.cache.internal.DefaultCacheCleanupExecutor] jars (I:\McWork\.gradle-user\caches\jars-9) has last been fully cleaned up 0 hours ago
2026-09-07T11:20:16.615+0100 [DEBUG] [org.gradle.cache.internal.DefaultCacheCleanupExecutor] Skipping cleanup for jars (I:\McWork\.gradle-user\caches\jars-9) as it is not yet due
2026-09-07T11:20:16.615+0100 [DEBUG] [org.gradle.cache.internal.LockOnDemandCrossProcessCacheAccess] Releasing file lock for file content cache (I:\McWork\.gradle-user\caches\9.6.1\fileContent)
2026-09-07T11:20:16.615+0100 [DEBUG] [org.gradle.cache.internal.DefaultFileLockManager] Releasing lock on file content cache (I:\McWork\.gradle-user\caches\9.6.1\fileContent).
2026-09-07T11:20:16.615+0100 [DEBUG] [org.gradle.internal.watch.vfs.impl.WatchingVirtualFileSystem] Closing VFS, dropping state
2026-09-07T11:20:16.616+0100 [DEBUG] [org.gradle.internal.watch.registry.impl.DefaultFileWatcherRegistry] Finished listening to file system change events
2026-09-07T11:20:16.616+0100 [DEBUG] [org.gradle.cache.internal.DefaultCacheCoordinator] Cache Generated Gradle JARs cache (I:\McWork\.gradle-user\caches\9.6.1\generated-gradle-jars) was closed 0 times.
2026-09-07T11:20:16.617+0100 [DEBUG] [org.gradle.cache.internal.LockOnDemandCrossProcessCacheAccess] Releasing file lock for artifact cache (I:\McWork\.gradle-user\caches\modules-2)
2026-09-07T11:20:16.617+0100 [DEBUG] [org.gradle.cache.internal.btree.BTreePersistentIndexedCache] Closing cache module-artifact.bin (I:\McWork\.gradle-user\caches\modules-2\metadata-2.107\module-artifact.bin)
2026-09-07T11:20:16.617+0100 [DEBUG] [org.gradle.cache.internal.btree.BTreePersistentIndexedCache] Closing cache module-metadata.bin (I:\McWork\.gradle-user\caches\modules-2\metadata-2.107\module-metadata.bin)
2026-09-07T11:20:16.617+0100 [DEBUG] [org.gradle.cache.internal.btree.BTreePersistentIndexedCache] Closing cache module-artifacts.bin (I:\McWork\.gradle-user\caches\modules-2\metadata-2.107\module-artifacts.bin)
2026-09-07T11:20:16.617+0100 [DEBUG] [org.gradle.cache.internal.DefaultFileLockManager] Releasing lock on artifact cache (I:\McWork\.gradle-user\caches\modules-2).
2026-09-07T11:20:16.617+0100 [DEBUG] [org.gradle.cache.internal.DefaultCacheCleanupExecutor] artifact cache (I:\McWork\.gradle-user\caches\modules-2) has last been fully cleaned up 0 hours ago
2026-09-07T11:20:16.618+0100 [DEBUG] [org.gradle.cache.internal.DefaultCacheCleanupExecutor] Skipping cleanup for artifact cache (I:\McWork\.gradle-user\caches\modules-2) as it is not yet due
2026-09-07T11:20:16.618+0100 [DEBUG] [org.gradle.cache.internal.DefaultCacheCleanupExecutor] groovy-dsl has last been fully cleaned up 0 hours ago
2026-09-07T11:20:16.618+0100 [DEBUG] [org.gradle.cache.internal.DefaultCacheCleanupExecutor] Skipping cleanup for groovy-dsl as it is not yet due
2026-09-07T11:20:16.618+0100 [DEBUG] [org.gradle.cache.internal.DefaultCacheCleanupExecutor] Artifact transforms cache has last been fully cleaned up 0 hours ago
2026-09-07T11:20:16.618+0100 [DEBUG] [org.gradle.cache.internal.DefaultCacheCleanupExecutor] Skipping cleanup for Artifact transforms cache as it is not yet due
2026-09-07T11:20:16.618+0100 [DEBUG] [org.gradle.cache.internal.LockOnDemandCrossProcessCacheAccess] Releasing file lock for journal cache (I:\McWork\.gradle-user\caches\journal-1)
2026-09-07T11:20:16.618+0100 [DEBUG] [org.gradle.cache.internal.btree.BTreePersistentIndexedCache] Closing cache file-access.bin (I:\McWork\.gradle-user\caches\journal-1\file-access.bin)
2026-09-07T11:20:16.619+0100 [DEBUG] [org.gradle.cache.internal.DefaultFileLockManager] Releasing lock on journal cache (I:\McWork\.gradle-user\caches\journal-1).
2026-09-07T11:20:16.619+0100 [DEBUG] [org.gradle.cache.internal.LockOnDemandCrossProcessCacheAccess] Releasing file lock for file hash cache (I:\McWork\.gradle-user\caches\9.6.1\fileHashes)
2026-09-07T11:20:16.619+0100 [DEBUG] [org.gradle.cache.internal.btree.BTreePersistentIndexedCache] Closing cache fileHashes.bin (I:\McWork\.gradle-user\caches\9.6.1\fileHashes\fileHashes.bin)
2026-09-07T11:20:16.619+0100 [DEBUG] [org.gradle.cache.internal.btree.BTreePersistentIndexedCache] Closing cache resourceHashesCache.bin (I:\McWork\.gradle-user\caches\9.6.1\fileHashes\resourceHashesCache.bin)
2026-09-07T11:20:16.620+0100 [DEBUG] [org.gradle.cache.internal.DefaultFileLockManager] Releasing lock on file hash cache (I:\McWork\.gradle-user\caches\9.6.1\fileHashes).
2026-09-07T11:20:16.620+0100 [DEBUG] [org.gradle.cache.internal.LockOnDemandCrossProcessCacheAccess] Releasing file lock for Java compile cache (I:\McWork\.gradle-user\caches\9.6.1\javaCompile)
2026-09-07T11:20:16.620+0100 [DEBUG] [org.gradle.cache.internal.btree.BTreePersistentIndexedCache] Closing cache jarAnalysis.bin (I:\McWork\.gradle-user\caches\9.6.1\javaCompile\jarAnalysis.bin)
2026-09-07T11:20:16.620+0100 [DEBUG] [org.gradle.cache.internal.DefaultFileLockManager] Releasing lock on Java compile cache (I:\McWork\.gradle-user\caches\9.6.1\javaCompile).
2026-09-07T11:20:16.621+0100 [DEBUG] [org.gradle.internal.operations.DefaultBuildOperationRunner] Build operation 'Deleting unused version-specific caches in I:\McWork\.gradle-user\caches' started
2026-09-07T11:20:16.621+0100 [DEBUG] [org.gradle.internal.operations.DefaultBuildOperationRunner] Completing Build operation 'Deleting unused version-specific caches in I:\McWork\.gradle-user\caches'
2026-09-07T11:20:16.621+0100 [DEBUG] [org.gradle.internal.operations.DefaultBuildOperationRunner] Build operation 'Deleting unused version-specific caches in I:\McWork\.gradle-user\caches' completed
2026-09-07T11:20:16.621+0100 [DEBUG] [org.gradle.launcher.daemon.server.Daemon] stop() called on daemon
2026-09-07T11:20:16.621+0100 [INFO] [org.gradle.launcher.daemon.server.Daemon] Stop requested. Daemon is removing its presence from the registry...
2026-09-07T11:20:16.622+0100 [DEBUG] [org.gradle.launcher.daemon.server.DaemonRegistryUpdater] Removing our presence to clients, eg. removing this address from the registry: [fd6162f0-4a7d-429f-88a7-f6304b5c9324 port:57660, addresses:[localhost/127.0.0.1]]
2026-09-07T11:20:16.622+0100 [DEBUG] [org.gradle.launcher.daemon.registry.PersistentDaemonRegistry] Removing daemon address: [fd6162f0-4a7d-429f-88a7-f6304b5c9324 port:57660, addresses:[localhost/127.0.0.1]]
2026-09-07T11:20:16.622+0100 [DEBUG] [org.gradle.cache.internal.DefaultFileLockManager] Waiting to acquire exclusive lock on daemon addresses registry.
2026-09-07T11:20:16.622+0100 [DEBUG] [org.gradle.cache.internal.DefaultFileLockManager] Lock acquired on daemon addresses registry.
2026-09-07T11:20:16.623+0100 [DEBUG] [org.gradle.cache.internal.DefaultFileLockManager] Releasing lock on daemon addresses registry.
2026-09-07T11:20:16.623+0100 [DEBUG] [org.gradle.launcher.daemon.server.DaemonRegistryUpdater] Address removed from registry.
2026-09-07T11:20:16.624+0100 [DEBUG] [org.gradle.cache.internal.locklistener.DefaultFileLockContentionHandler] File lock listener thread completed.
2026-09-07T11:20:16.625+0100 [DEBUG] [java.lang.Runtime] Runtime.exit() called with status: 0
java.lang.Throwable: Runtime.exit(0)
	at java.base/java.lang.Shutdown.logRuntimeExit(Shutdown.java:179)
	at java.base/java.lang.Shutdown.exit(Shutdown.java:160)
	at java.base/java.lang.Runtime.exit(Runtime.java:188)
	at java.base/java.lang.System.exit(System.java:1921)
	at org.gradle.launcher.bootstrap.ProcessCompleter.complete(ProcessCompleter.java:21)
	at org.gradle.launcher.bootstrap.EntryPoint.run(EntryPoint.java:62)
	at java.base/jdk.internal.reflect.DirectMethodHandleAccessor.invoke(DirectMethodHandleAccessor.java:103)
	at java.base/java.lang.reflect.Method.invoke(Method.java:580)
	at org.gradle.launcher.bootstrap.ProcessBootstrap.runNoExit(ProcessBootstrap.java:72)
	at org.gradle.launcher.bootstrap.ProcessBootstrap.run(ProcessBootstrap.java:39)
	at org.gradle.launcher.daemon.bootstrap.GradleDaemon.main(GradleDaemon.java:22)
Daemon vm is shutting down... The daemon has exited normally or was terminated in response to a user interrupt.
2026-09-07T11:20:16.626+0100 [DEBUG] [org.gradle.launcher.daemon.registry.PersistentDaemonRegistry] Removing daemon address: [fd6162f0-4a7d-429f-88a7-f6304b5c9324 port:57660, addresses:[localhost/127.0.0.1]]
2026-09-07T11:20:16.626+0100 [DEBUG] [org.gradle.launcher.daemon.server.Daemon] VM shutdown hook was unable to remove the daemon address from the registry. It will be cleaned up later.
java.lang.IllegalStateException: Cannot start managing file contention because this handler has been closed.
	at org.gradle.cache.internal.locklistener.DefaultFileLockContentionHandler.assertNotStopped(DefaultFileLockContentionHandler.java:267)
	at org.gradle.cache.internal.locklistener.DefaultFileLockContentionHandler.reservePort(DefaultFileLockContentionHandler.java:312)
	at org.gradle.cache.internal.DefaultFileLockManager.lock(DefaultFileLockManager.java:127)
	at org.gradle.cache.internal.DefaultFileLockManager.lock(DefaultFileLockManager.java:109)
	at org.gradle.cache.internal.DefaultFileLockManager.lock(DefaultFileLockManager.java:104)
	at org.gradle.cache.internal.OnDemandFileAccess.updateFile(OnDemandFileAccess.java:51)
	at org.gradle.cache.internal.FileBackedObjectHolder.update(FileBackedObjectHolder.java:77)
	at org.gradle.cache.internal.FileIntegrityViolationSuppressingObjectHolderDecorator.lambda$update$0(FileIntegrityViolationSuppressingObjectHolderDecorator.java:48)
	at org.gradle.cache.internal.FileIntegrityViolationSuppressingObjectHolderDecorator.doUpdate(FileIntegrityViolationSuppressingObjectHolderDecorator.java:58)
	at org.gradle.cache.internal.FileIntegrityViolationSuppressingObjectHolderDecorator.update(FileIntegrityViolationSuppressingObjectHolderDecorator.java:48)
	at org.gradle.launcher.daemon.registry.PersistentDaemonRegistry.remove(PersistentDaemonRegistry.java:133)
	at org.gradle.launcher.daemon.server.Daemon$1.run(Daemon.java:133)
	at java.base/java.lang.Thread.run(Thread.java:1583)
